{
  "version": "2.0.0",
  "exclude": ".*janito/i18n/pt.py",
  "plugins_used": [
    {
      "name": "HexHighEntropyString",
      "hex_limit": 3.0,
      "type": "string"
    },
    {
      "name": "Base64HighEntropyString",
      "base64_limit": 4.5,
      "type": "string"
    }
  ],
  "results": {}
}
